sadadasdHello Rizki adding message

Hello Rizki adding message
